2026-07-30 08:10:56.739: [INFO] OnDoneLoading sync enabled: 0
2026-07-30 08:12:36.732: [INFO] OnDoneLoading sync enabled: 0
2026-07-30 08:38:31.365: [INFO] OnDoneLoading sync enabled: 0
2026-07-31 07:07:26.503: [INFO] OnDoneLoading sync enabled: 0
2026-07-31 07:08:08.437: [INFO] OnDoneLoading sync enabled: 0
2026-07-31 07:08:36.472: [INFO] OnDoneLoading sync enabled: 0
2026-08-07 07:16:49.804: [INFO] CurrentProfilePath: C:\Users\Utente\Documents\VSC\CreaFiltroDvg\bin\Debug\Demo Gestionale.exe.WebView2\EBWebView\Default
2026-08-07 07:16:49.804: [INFO] Profiles total count: 1
2026-08-07 07:16:49.805: [INFO] Profile: name=Profilo 1 path=C:\Users\Utente\Documents\VSC\CreaFiltroDvg\bin\Debug\Demo Gestionale.exe.WebView2\EBWebView\Default lastActive=2026-07-31T07:08:36.573Z
2026-08-07 07:16:49.805: [INFO] LastUsedProfileDir: C:\Users\Utente\Documents\VSC\CreaFiltroDvg\bin\Debug\Demo Gestionale.exe.WebView2\EBWebView\Default
2026-08-07 07:16:49.805: [INFO] MostRecentlyActiveProfile: name=Profilo 1 path=C:\Users\Utente\Documents\VSC\CreaFiltroDvg\bin\Debug\Demo Gestionale.exe.WebView2\EBWebView\Default lastActive=2026-07-31T07:08:36.573Z
2026-08-07 07:16:49.805: [INFO] OnDoneLoading sync enabled: 0
2026-08-07 07:16:49.805: [INFO] BookmarkModelLoaded, ids_reassigned: 0
2026-08-07 07:16:49.805: [INFO] BookmarksLoadDropped droppedNodes=0
2026-08-07 07:16:49.805: [INFO] BookmarksSnapshot Startup total=0 bar=0 other=0 mobile=0 showBar=0 showBarNTP=1
2026-08-07 07:16:53.267: [INFO] BookmarksSnapshot Shutdown total=0 bar=0 other=0 mobile=0 showBar=0 showBarNTP=1
2026-08-07 10:47:38.978: [INFO] CurrentProfilePath: C:\Users\Utente\Documents\VSC\CreaFiltroDvg\bin\Debug\Demo Gestionale.exe.WebView2\EBWebView\Default
2026-08-07 10:47:38.978: [INFO] Profiles total count: 1
2026-08-07 10:47:38.978: [INFO] Profile: name=Profilo 1 path=C:\Users\Utente\Documents\VSC\CreaFiltroDvg\bin\Debug\Demo Gestionale.exe.WebView2\EBWebView\Default lastActive=2026-08-07T07:16:49.929Z
2026-08-07 10:47:38.978: [INFO] LastUsedProfileDir: C:\Users\Utente\Documents\VSC\CreaFiltroDvg\bin\Debug\Demo Gestionale.exe.WebView2\EBWebView\Default
2026-08-07 10:47:38.978: [INFO] MostRecentlyActiveProfile: name=Profilo 1 path=C:\Users\Utente\Documents\VSC\CreaFiltroDvg\bin\Debug\Demo Gestionale.exe.WebView2\EBWebView\Default lastActive=2026-08-07T07:16:49.929Z
2026-08-07 10:47:38.978: [INFO] OnDoneLoading sync enabled: 0
2026-08-07 10:47:38.978: [INFO] BookmarkModelLoaded, ids_reassigned: 0
2026-08-07 10:47:38.978: [INFO] BookmarksLoadDropped droppedNodes=0
2026-08-07 10:47:38.978: [INFO] BookmarksSnapshot Startup total=0 bar=0 other=0 mobile=0 showBar=0 showBarNTP=1
2026-08-07 10:47:41.847: [INFO] BookmarksSnapshot Shutdown total=0 bar=0 other=0 mobile=0 showBar=0 showBarNTP=1
2026-08-27 04:41:51.403: [INFO] CurrentProfilePath: C:\Users\Utente\Documents\VSC\CreaFiltroDvg\bin\Debug\Demo Gestionale.exe.WebView2\EBWebView\Default
2026-08-27 04:41:51.403: [INFO] Profiles total count: 1
2026-08-27 04:41:51.405: [INFO] Profile: name=Profilo 1 path=C:\Users\Utente\Documents\VSC\CreaFiltroDvg\bin\Debug\Demo Gestionale.exe.WebView2\EBWebView\Default lastActive=2026-08-07T10:47:39.100Z
2026-08-27 04:41:51.405: [INFO] LastUsedProfileDir: C:\Users\Utente\Documents\VSC\CreaFiltroDvg\bin\Debug\Demo Gestionale.exe.WebView2\EBWebView\Default
2026-08-27 04:41:51.405: [INFO] MostRecentlyActiveProfile: name=Profilo 1 path=C:\Users\Utente\Documents\VSC\CreaFiltroDvg\bin\Debug\Demo Gestionale.exe.WebView2\EBWebView\Default lastActive=2026-08-07T10:47:39.100Z
2026-08-27 04:41:51.405: [INFO] OnDoneLoading sync enabled: 0
2026-08-27 04:41:51.405: [INFO] BookmarkModelLoaded, ids_reassigned: 0
2026-08-27 04:41:51.405: [INFO] BookmarksLoadDropped droppedNodes=0
2026-08-27 04:41:51.405: [INFO] BookmarksSnapshot Startup total=0 bar=0 other=0 mobile=0 showBar=0 showBarNTP=1
2026-08-27 04:42:10.449: [INFO] BookmarksSnapshot Shutdown total=0 bar=0 other=0 mobile=0 showBar=0 showBarNTP=1
2026-08-27 04:47:11.930: [INFO] CurrentProfilePath: C:\Users\Utente\Documents\VSC\CreaFiltroDvg\bin\Debug\Demo Gestionale.exe.WebView2\EBWebView\Default
2026-08-27 04:47:11.930: [INFO] Profiles total count: 1
2026-08-27 04:47:11.930: [INFO] Profile: name=Profilo 1 path=C:\Users\Utente\Documents\VSC\CreaFiltroDvg\bin\Debug\Demo Gestionale.exe.WebView2\EBWebView\Default lastActive=2026-08-27T04:41:51.526Z
2026-08-27 04:47:11.930: [INFO] LastUsedProfileDir: C:\Users\Utente\Documents\VSC\CreaFiltroDvg\bin\Debug\Demo Gestionale.exe.WebView2\EBWebView\Default
2026-08-27 04:47:11.930: [INFO] MostRecentlyActiveProfile: name=Profilo 1 path=C:\Users\Utente\Documents\VSC\CreaFiltroDvg\bin\Debug\Demo Gestionale.exe.WebView2\EBWebView\Default lastActive=2026-08-27T04:41:51.526Z
2026-08-27 04:47:11.930: [INFO] OnDoneLoading sync enabled: 0
2026-08-27 04:47:11.930: [INFO] BookmarkModelLoaded, ids_reassigned: 0
2026-08-27 04:47:11.930: [INFO] BookmarksLoadDropped droppedNodes=0
2026-08-27 04:47:11.930: [INFO] BookmarksSnapshot Startup total=0 bar=0 other=0 mobile=0 showBar=0 showBarNTP=1
2026-08-27 04:47:15.005: [INFO] BookmarksSnapshot Shutdown total=0 bar=0 other=0 mobile=0 showBar=0 showBarNTP=1
